<?xml version="1.0" encoding="UTF-8"?>
<!DOCTYPE dataset SYSTEM "bigMoneyAmountAndCurrency.dtd">
<dataset>
  <BIGMONEYAMOUNTANDCURRENCY ID="0" MY_CURRENCY="USD" MY_AMOUNT="100.00" NAME="test_0"/>
  <BIGMONEYAMOUNTANDCURRENCY ID="1" MY_CURRENCY="USD" MY_AMOUNT="100.10" NAME="test_1"/>
  <BIGMONEYAMOUNTANDCURRENCY ID="2" MY_CURRENCY="EUR" MY_AMOUNT="0.99" NAME="test_2"/>
  <BIGMONEYAMOUNTANDCURRENCY ID="3" MY_CURRENCY="EUR" MY_AMOUNT="-0.99" NAME="test_3"/>
  <BIGMONEYAMOUNTANDCURRENCY ID="4" NAME="test_4"/>
</dataset>