<?xml version="1.0" encoding="UTF-8"?>
<!DOCTYPE dataset SYSTEM "bigMoneyMajorAmount.dtd">
<dataset>
  <BIGMONEYMAJORAMOUNT ID="0" BIGMONEY="100" NAME="test_0"/>
  <BIGMONEYMAJORAMOUNT ID="1" BIGMONEY="100" NAME="test_1"/>
  <BIGMONEYMAJORAMOUNT ID="2" BIGMONEY="0" NAME="test_2"/>
  <BIGMONEYMAJORAMOUNT ID="3" NAME="test_3"/>
</dataset>