<?xml version="1.0" encoding="UTF-8"?>
<!DOCTYPE dataset SYSTEM "currency.dtd">
<dataset>
  <currency ID="0" CURRENCY="EUR" NAME="test_0"/>
  <currency ID="1" CURRENCY="USD" NAME="test_1"/>
  <currency ID="2" CURRENCY="GBP" NAME="test_2"/>
  <currency ID="3" CURRENCY="SAR" NAME="test_3"/>
  <currency ID="4" NAME="test_4"/>
</dataset>