<?xml version='1.0' encoding='UTF-8'?>
<dataset>
  <dateTimeAsString ID="0" MY_DATETIME="2004-02-25T08:11:10.0" MY_OFFSET="UTC" NAME="test_0"/>
  <dateTimeAsString ID="1" MY_DATETIME="1980-03-01T13:12:11.5" MY_OFFSET="UTC" NAME="test_1"/>
  <dateTimeAsString ID="2" NAME="test_2"/>
</dataset>
