<?xml version="1.0" encoding="UTF-8"?>
<!DOCTYPE dataset SYSTEM "dateMidnight.dtd">
<dataset>
  <DATEMIDNIGHT ID="0" MY_DATE="2004-02-25" MY_OFFSET="+04:00" NAME="test_0"/>
  <DATEMIDNIGHT ID="1" MY_DATE="1980-03-11" MY_OFFSET="UTC" NAME="test_1"/>
  <DATEMIDNIGHT ID="2" NAME="test_2"/>
</dataset>