<?xml version="1.0" encoding="UTF-8"?>
<!DOCTYPE dataset SYSTEM "instantAsString.dtd">
<dataset>
  <INSTANTASSTRING ID="0" INSTANT="2004-02-25T17:03:45.760Z" NAME="test_0"/>
  <INSTANTASSTRING ID="1" INSTANT="1980-03-11T00:03:45Z" NAME="test_1"/>
</dataset>