<?xml version="1.0" encoding="UTF-8"?>
<!DOCTYPE dataset SYSTEM "instantAsMillisLong.dtd">
<dataset>
  <INSTANTASMILLISLONG ID="0" INSTANT="1077728625760" NAME="test_0"/>
  <INSTANTASMILLISLONG ID="1" INSTANT="321581025000" NAME="test_1"/>
</dataset>