<?xml version="1.0" encoding="UTF-8"?>
<!DOCTYPE dataset SYSTEM "instantAsTimestamp.dtd">
<dataset>
  <instantAsTimestamp ID="0" INSTANT="2004-02-25 17:03:45.76" NAME="test_0"/>
  <instantAsTimestamp ID="1" INSTANT="1980-03-11 00:03:45.0" NAME="test_1"/>
</dataset>