<?xml version="1.0" encoding="UTF-8"?>
<!DOCTYPE dataset SYSTEM "isoCountryCode.dtd">
<dataset>
  <ISOCOUNTRYCODE ID="0" ISOCOUNTRYCODE="AD" NAME="test_0"/>
  <ISOCOUNTRYCODE ID="1" ISOCOUNTRYCODE="GB" NAME="test_1"/>
  <ISOCOUNTRYCODE ID="2" ISOCOUNTRYCODE="US" NAME="test_2"/>
  <ISOCOUNTRYCODE ID="3" ISOCOUNTRYCODE="FR" NAME="test_3"/>
  <ISOCOUNTRYCODE ID="4" NAME="test_4"/>
</dataset>