<?xml version="1.0" encoding="UTF-8"?>
<!DOCTYPE dataset SYSTEM "legacyTimestamp.dtd">
<dataset>
  <legacyTimestamp ID="0" LEGACYTIMESTAMP="2004-02-25 12:11:10.0" NAME="test_0"/>
  <legacyTimestamp ID="1" LEGACYTIMESTAMP="1980-03-11 13:12:11.0" NAME="test_1"/>
</dataset>