<?xml version="1.0" encoding="UTF-8"?>
<!DOCTYPE dataset SYSTEM "legacyDate.dtd">
<dataset>
  <LEGACYDATE ID="0" LEGACYDATE="2004-02-25 12:11:10.0" NAME="test_0"/>
  <LEGACYDATE ID="1" LEGACYDATE="1980-03-11 13:12:11.0" NAME="test_1"/>
</dataset>