<?xml version='1.0' encoding='UTF-8'?>
<dataset>
  <localDateTimeAsString ID="0" LOCALDATETIME="2004-02-25T12:11:10.0" NAME="test_0"/>
  <localDateTimeAsString ID="1" LOCALDATETIME="1980-03-11T13:12:11.0" NAME="test_1"/>
</dataset>
