<?xml version="1.0" encoding="UTF-8"?>
<!DOCTYPE dataset SYSTEM "localDate.dtd">
<!--

  Copyright 2010, 2011 Christopher Pheby

  Licensed under the Apache License, Version 2.0 (the "License");
  you may not use this file except in compliance with the License.
  You may obtain a copy of the License at

      http://www.apache.org/licenses/LICENSE-2.0

  Unless required by applicable law or agreed to in writing, software
  distributed under the License is distributed on an "AS IS" BASIS,
  WITHOUT WARRANTIES OR CONDITIONS OF ANY KIND, either express or implied.
  See the License for the specific language governing permissions and
  limitations under the License.

 -->
<dataset>
  <LOCALDATE ID="0" LOCALDATE="2004-02-25" NAME="test_0"/>
  <LOCALDATE ID="1" LOCALDATE="1980-03-11" NAME="test_1"/>
</dataset>