<?xml version="1.0" encoding="UTF-8"?>
<!DOCTYPE dataset SYSTEM "moneyMinorAmountAndCurrency.dtd">
<dataset>
  <MONEYMINORAMOUNTANDCURRENCY ID="0" MY_CURRENCY="USD" MY_AMOUNT="10000" NAME="test_0"/>
  <MONEYMINORAMOUNTANDCURRENCY ID="1" MY_CURRENCY="USD" MY_AMOUNT="10010" NAME="test_1"/>
  <MONEYMINORAMOUNTANDCURRENCY ID="2" MY_CURRENCY="EUR" MY_AMOUNT="99" NAME="test_2"/>
  <MONEYMINORAMOUNTANDCURRENCY ID="3" MY_CURRENCY="EUR" MY_AMOUNT="-99" NAME="test_3"/>
  <MONEYMINORAMOUNTANDCURRENCY ID="4" NAME="test_4"/>
</dataset>