<?xml version="1.0" encoding="UTF-8"?>
<!DOCTYPE dataset SYSTEM "moneyMajorAmountAndCurAsInt.dtd">
<dataset>
  <MONEYMAJORAMOUNTANDCURASINT ID="0" MY_CURRENCY="840" MY_AMOUNT="100" NAME="test_0"/>
  <MONEYMAJORAMOUNTANDCURASINT ID="1" MY_CURRENCY="840" MY_AMOUNT="100" NAME="test_1"/>
  <MONEYMAJORAMOUNTANDCURASINT ID="2" MY_CURRENCY="978" MY_AMOUNT="0" NAME="test_2"/>
  <MONEYMAJORAMOUNTANDCURASINT ID="3" MY_CURRENCY="978" MY_AMOUNT="0" NAME="test_3"/>
  <MONEYMAJORAMOUNTANDCURASINT ID="4" NAME="test_4"/>
</dataset>