<?xml version='1.0' encoding='UTF-8'?>
<dataset>
  <moneyMajorAmountAndCurrency ID="0" MY_CURRENCY="USD" MY_AMOUNT="100" NAME="test_0"/>
  <moneyMajorAmountAndCurrency ID="1" MY_CURRENCY="USD" MY_AMOUNT="100" NAME="test_1"/>
  <moneyMajorAmountAndCurrency ID="2" MY_CURRENCY="EUR" MY_AMOUNT="0" NAME="test_2"/>
  <moneyMajorAmountAndCurrency ID="3" MY_CURRENCY="EUR" MY_AMOUNT="0" NAME="test_3"/>
  <moneyMajorAmountAndCurrency ID="4" NAME="test_4"/>
</dataset>
