<?xml version="1.0" encoding="UTF-8"?>
<!DOCTYPE dataset SYSTEM "moneyMajorAmount.dtd">
<dataset>
  <MONEYMAJORAMOUNT ID="0" MONEY="100" NAME="test_0"/>
  <MONEYMAJORAMOUNT ID="1" MONEY="100" NAME="test_1"/>
  <MONEYMAJORAMOUNT ID="2" MONEY="0" NAME="test_2"/>
  <MONEYMAJORAMOUNT ID="3" NAME="test_3"/>
</dataset>