<?xml version='1.0' encoding='UTF-8'?>
<dataset>
  <monthAsInteger ID="0" MONTH="1" NAME="test_0"/>
  <monthAsInteger ID="1" MONTH="2" NAME="test_1"/>
  <monthAsInteger ID="2" MONTH="12" NAME="test_2"/>
</dataset>