<?xml version='1.0' encoding='UTF-8'?>
<dataset>
  <offsetDateTimeAsStringAndStringOffset ID="0" NAME="test_0" MY_DATE="2004-02-25T17:03:45.00000076" MY_OFFSET="Z"/>
  <offsetDateTimeAsStringAndStringOffset ID="1" NAME="test_1" MY_DATE="1980-03-11T02:03:45.0" MY_OFFSET="+02:00"/>
</dataset>
