<?xml version='1.0' encoding='UTF-8'?>
<!DOCTYPE dataset SYSTEM "quantityAndUnit.dtd">
<dataset>
  <QUANTITYANDUNIT ID="0" NAME="test_0" QUANTITY="10" UNIT="m"/>
  <QUANTITYANDUNIT ID="1" NAME="test_1"/>
</dataset>
